// Jest Snapshot v1, https://goo.gl/fbAQLP

exports[`<Button /> match snapshot 1`] = `
<DocumentFragment>
  .c0 {
  display: -webkit-box;
  display: -webkit-flex;
  display: -ms-flexbox;
  display: flex;
  -webkit-box-pack: center;
  -webkit-justify-content: center;
  -ms-flex-pack: center;
  justify-content: center;
  -webkit-align-items: center;
  -webkit-box-align: center;
  -ms-flex-align: center;
  align-items: center;
  height: 2.25rem;
  min-width: 156px;
  padding-left: 0.5rem;
  padding-right: 0.5rem;
  padding-top: 1rem;
  padding-bottom: 1rem;
  border-radius: 30px;
  font-family: ui-sans-serif,system-ui,-apple-system,BlinkMacSystemFont,"Segoe UI",Roboto,"Helvetica Neue",Arial,"Noto Sans",sans-serif,"Apple Color Emoji","Segoe UI Emoji","Segoe UI Symbol","Noto Color Emoji";
  font-weight: 700;
  font-size: 0.75rem;
  line-height: 1.5rem;
  --tw-text-opacity: 1;
  color: rgb(255 255 255 / var(--tw-text-opacity));
  cursor: pointer;
  --tw-bg-opacity: 1;
  background-color: rgb(24 28 35 / var(--tw-bg-opacity));
}

.c0:hover {
  --tw-bg-opacity: 1;
  background-color: rgb(59 64 80 / var(--tw-bg-opacity));
}

.c0:disabled {
  --tw-bg-opacity: 1;
  background-color: rgb(215 219 224 / var(--tw-bg-opacity));
}

<button
    class="c0"
    data-testid="button"
    label="test"
  >
    <span>
      test
    </span>
  </button>
</DocumentFragment>
`;
