// Jest Snapshot v1, https://goo.gl/fbAQLP

exports[`<Button /> match snapshot 1`] = `
<DocumentFragment>
  <button
    class="flex justify-center items-center h-9 min-w-[156px] px-2 py-4 rounded-4xl font-sans font-bold text-xs text-white leading-6 cursor-pointer bg-space-blue hover:bg-onyx-gray disabled:bg-jade-gray"
    data-testid="button"
  >
    <span>
      test
    </span>
  </button>
</DocumentFragment>
`;
