// Jest Snapshot v1, https://goo.gl/fbAQLP

exports[`<ChangePassword /> match snapshot 1`] = `
<DocumentFragment>
  <div
    id="change-password-form"
  >
    <h1>
      Change Password
    </h1>
    <form
      class="flex flex-col"
    >
      <label
        id="password"
      >
        Old Password
      </label>
      <input
        id="password"
      />
      <label
        id="newPassword"
      >
        New Password
      </label>
      <input
        id="newPassword"
      />
      <div
        class="flex"
      >
        <button
          data-testid="button"
          to="../login"
        >
          Submit
        </button>
      </div>
    </form>
  </div>
</DocumentFragment>
`;
