// Jest Snapshot v1, https://goo.gl/fbAQLP

exports[`<ForgotPassword /> match snapshot 1`] = `
<DocumentFragment>
  <div
    id="forgot-password-form"
  >
    <h1>
      Forgot Password
    </h1>
    <form
      class="flex flex-col"
    >
      <label
        id="username"
      >
        Email
      </label>
      <input
        id="username"
      />
      <div
        class="flex"
      >
        <button
          data-testid="button"
          to="../login"
        >
          Back to Login
        </button>
      </div>
    </form>
  </div>
</DocumentFragment>
`;
