// Jest Snapshot v1, https://goo.gl/fbAQLP

exports[`<Login /> match snapshot 1`] = `
<DocumentFragment>
  <div
    id="login-form"
  >
    <h1>
      Login
    </h1>
    <form
      class="flex flex-col"
    >
      <label
        id="username"
      >
        Username
      </label>
      <input
        id="username"
      />
      <label
        id="password"
      >
        Password
      </label>
      <input
        id="password"
      />
      <div
        class="flex"
      >
        <button
          data-testid="button"
          type="submit"
        >
          Login
        </button>
        <button
          data-testid="button"
          to="../forgot-password"
        >
          Forgot Password
        </button>
      </div>
    </form>
  </div>
</DocumentFragment>
`;
