// Jest Snapshot v1, https://goo.gl/fbAQLP

exports[`<Error404 /> match snapshot 1`] = `
<DocumentFragment>
  <div>
    <p>
      404 Not Found
    </p>
    <button
      data-testid="button"
    >
      Back to Previous Page
    </button>
  </div>
</DocumentFragment>
`;

exports[`<Error404 /> match snapshot with click back to previous page 1`] = `
<DocumentFragment>
  <div>
    <p>
      404 Not Found
    </p>
    <button
      data-testid="button"
    >
      Back to Previous Page
    </button>
  </div>
</DocumentFragment>
`;
