// Jest Snapshot v1, https://goo.gl/fbAQLP

exports[`<BackofficeContainer /> match snapshot 1`] = `
<DocumentFragment>
  .c2 {
  display: -webkit-box;
  display: -webkit-flex;
  display: -ms-flexbox;
  display: flex;
  -webkit-flex-direction: column;
  -ms-flex-direction: column;
  flex-direction: column;
}

.c0 {
  display: -webkit-box;
  display: -webkit-flex;
  display: -ms-flexbox;
  display: flex;
  -webkit-flex-direction: row;
  -ms-flex-direction: row;
  flex-direction: row;
}

.c1 {
  width: 100%;
  height: 100vh;
  --tw-bg-opacity: 1;
  background-color: rgb(226 232 240 / var(--tw-bg-opacity));
}

.c3 {
  min-width: 280px;
  --tw-bg-opacity: 1;
  background-color: rgb(203 213 225 / var(--tw-bg-opacity));
}

.c4 {
  min-height: 64px;
  --tw-bg-opacity: 1;
  background-color: rgb(148 163 184 / var(--tw-bg-opacity));
}

.c5 {
  height: 100%;
  --tw-bg-opacity: 1;
  background-color: rgb(100 116 139 / var(--tw-bg-opacity));
}

.c6 {
  width: 100%;
  overflow: auto;
  --tw-bg-opacity: 1;
  background-color: rgb(71 85 105 / var(--tw-bg-opacity));
}

.c7 {
  -webkit-box-pack: justify;
  -webkit-justify-content: space-between;
  -ms-flex-pack: justify;
  justify-content: space-between;
  min-height: 64px;
  --tw-bg-opacity: 1;
  background-color: rgb(51 65 85 / var(--tw-bg-opacity));
}

.c8 {
  height: 100%;
  overflow-x: auto;
  --tw-bg-opacity: 1;
  background-color: rgb(30 41 59 / var(--tw-bg-opacity));
}

<div
    class="c0 c1"
  >
    <div
      class="c2 c3"
    >
      <div
        class="c0 c4"
      >
        Sidebar Header
      </div>
      <div
        class="c2 c5"
      >
        <button
          data-testid="button"
          to="../home"
        >
          Home
        </button>
        <button
          data-testid="button"
          to="../todo"
        >
          Todo
        </button>
        <button
          data-testid="button"
          to="../about"
        >
          About
        </button>
        <button
          data-testid="button"
          to="../game/hues-and-cues/set-display-name"
        >
          Game
        </button>
        <button
          data-testid="button"
          to="../read-csv"
        >
          Read CSV
        </button>
        <h1>
          Error Stage
        </h1>
        <button
          data-testid="button"
          to="/401"
        >
          Error 401
        </button>
        <button
          data-testid="button"
          to="/403"
        >
          Error 403
        </button>
        <button
          data-testid="button"
          to="/404"
        >
          Error 404
        </button>
        <button
          data-testid="button"
          to="/500"
        >
          Error 500
        </button>
        <button
          data-testid="button"
          to="/502"
        >
          Error 502
        </button>
        <button
          data-testid="button"
          to="/503"
        >
          Error 503
        </button>
        <button
          data-testid="button"
          to="/504"
        >
          Error 504
        </button>
      </div>
    </div>
    <div
      class="c2 c6"
    >
      <div
        class="c0 c7"
      >
        <p>
          Container Header
        </p>
        <button
          data-testid="button"
          to="/auth"
        >
          Logout
        </button>
      </div>
      <div
        class="c0 c8"
      />
    </div>
  </div>
</DocumentFragment>
`;
