// Jest Snapshot v1, https://goo.gl/fbAQLP

exports[`<Board /> match snapshot 1`] = `
<DocumentFragment>
  .c0 {
  display: -webkit-box;
  display: -webkit-flex;
  display: -ms-flexbox;
  display: flex;
  -webkit-flex-direction: row;
  -ms-flex-direction: row;
  flex-direction: row;
}

.c1 {
  margin: 0.25rem;
  width: 1.75rem;
  height: 1.75rem;
  --tw-text-opacity: 1;
  color: rgb(255 255 255 / var(--tw-text-opacity));
  font-weight: 700;
  text-align: center;
  -webkit-user-select: none;
  -moz-user-select: none;
  -ms-user-select: none;
  user-select: none;
  position: relative;
}

.c2 {
  background-color: transparent;
}

<div
    class="c0"
  >
    <div
      class="c1 c2"
    />
    <div
      class="c1 c2"
    >
      1
    </div>
    <div
      class="c1 c2"
    >
      2
    </div>
    <div
      class="c1 c2"
    >
      3
    </div>
    <div
      class="c1 c2"
    >
      4
    </div>
    <div
      class="c1 c2"
    >
      5
    </div>
    <div
      class="c1 c2"
    >
      6
    </div>
    <div
      class="c1 c2"
    >
      7
    </div>
    <div
      class="c1 c2"
    >
      8
    </div>
    <div
      class="c1 c2"
    >
      9
    </div>
    <div
      class="c1 c2"
    >
      10
    </div>
    <div
      class="c1 c2"
    >
      11
    </div>
    <div
      class="c1 c2"
    >
      12
    </div>
    <div
      class="c1 c2"
    >
      13
    </div>
    <div
      class="c1 c2"
    >
      14
    </div>
    <div
      class="c1 c2"
    >
      15
    </div>
    <div
      class="c1 c2"
    >
      16
    </div>
    <div
      class="c1 c2"
    >
      17
    </div>
    <div
      class="c1 c2"
    >
      18
    </div>
    <div
      class="c1 c2"
    >
      19
    </div>
    <div
      class="c1 c2"
    >
      20
    </div>
    <div
      class="c1 c2"
    >
      21
    </div>
    <div
      class="c1 c2"
    >
      22
    </div>
    <div
      class="c1 c2"
    >
      23
    </div>
    <div
      class="c1 c2"
    >
      24
    </div>
    <div
      class="c1 c2"
    >
      25
    </div>
    <div
      class="c1 c2"
    >
      26
    </div>
    <div
      class="c1 c2"
    >
      27
    </div>
    <div
      class="c1 c2"
    >
      28
    </div>
    <div
      class="c1 c2"
    >
      29
    </div>
    <div
      class="c1 c2"
    >
      30
    </div>
    <div
      class="c1 c2"
    />
  </div>
  .c1 {
  display: -webkit-box;
  display: -webkit-flex;
  display: -ms-flexbox;
  display: flex;
  -webkit-flex-direction: column;
  -ms-flex-direction: column;
  flex-direction: column;
}

.c0 {
  display: -webkit-box;
  display: -webkit-flex;
  display: -ms-flexbox;
  display: flex;
  -webkit-flex-direction: row;
  -ms-flex-direction: row;
  flex-direction: row;
}

.c2 {
  margin: 0.25rem;
  width: 1.75rem;
  height: 1.75rem;
  --tw-text-opacity: 1;
  color: rgb(255 255 255 / var(--tw-text-opacity));
  font-weight: 700;
  text-align: center;
  -webkit-user-select: none;
  -moz-user-select: none;
  -ms-user-select: none;
  user-select: none;
  position: relative;
}

.c3 {
  background-color: transparent;
}

<div
    class="c0"
  >
    <div
      class="c1"
    >
      <div
        class="c2 c3"
      >
        A
      </div>
      <div
        class="c2 c3"
      >
        B
      </div>
      <div
        class="c2 c3"
      >
        C
      </div>
      <div
        class="c2 c3"
      >
        D
      </div>
      <div
        class="c2 c3"
      >
        E
      </div>
      <div
        class="c2 c3"
      >
        F
      </div>
      <div
        class="c2 c3"
      >
        G
      </div>
      <div
        class="c2 c3"
      >
        H
      </div>
      <div
        class="c2 c3"
      >
        I
      </div>
      <div
        class="c2 c3"
      >
        J
      </div>
      <div
        class="c2 c3"
      >
        K
      </div>
      <div
        class="c2 c3"
      >
        L
      </div>
      <div
        class="c2 c3"
      >
        M
      </div>
      <div
        class="c2 c3"
      >
        N
      </div>
      <div
        class="c2 c3"
      >
        O
      </div>
      <div
        class="c2 c3"
      >
        P
      </div>
    </div>
    <div
      class="c1"
    >
      <div
        class="c0"
      >
        <div
          class="bg-[#612b10]"
          data-testid="bg-[#612b10]"
        />
        <div
          class="bg-[#6b2810]"
          data-testid="bg-[#6b2810]"
        />
        <div
          class="bg-[#752316]"
          data-testid="bg-[#752316]"
        />
        <div
          class="bg-[#861e1a]"
          data-testid="bg-[#861e1a]"
        />
        <div
          class="bg-[#941e1f]"
          data-testid="bg-[#941e1f]"
        />
        <div
          class="bg-[#9f1c21]"
          data-testid="bg-[#9f1c21]"
        />
        <div
          class="bg-[#af1f24]"
          data-testid="bg-[#af1f24]"
        />
        <div
          class="bg-[#c72227]"
          data-testid="bg-[#c72227]"
        />
        <div
          class="bg-[#e11e27]"
          data-testid="bg-[#e11e27]"
        />
        <div
          class="bg-[#ef1c26]"
          data-testid="bg-[#ef1c26]"
        />
        <div
          class="bg-[#ec1e24]"
          data-testid="bg-[#ec1e24]"
        />
        <div
          class="bg-[#ef1b28]"
          data-testid="bg-[#ef1b28]"
        />
        <div
          class="bg-[#ee1c2f]"
          data-testid="bg-[#ee1c2f]"
        />
        <div
          class="bg-[#ed1b3b]"
          data-testid="bg-[#ed1b3b]"
        />
        <div
          class="bg-[#eb1945]"
          data-testid="bg-[#eb1945]"
        />
        <div
          class="bg-[#ea1755]"
          data-testid="bg-[#ea1755]"
        />
        <div
          class="bg-[#e51564]"
          data-testid="bg-[#e51564]"
        />
        <div
          class="bg-[#e21175]"
          data-testid="bg-[#e21175]"
        />
        <div
          class="bg-[#d80f83]"
          data-testid="bg-[#d80f83]"
        />
        <div
          class="bg-[#d4138d]"
          data-testid="bg-[#d4138d]"
        />
        <div
          class="bg-[#c82791]"
          data-testid="bg-[#c82791]"
        />
        <div
          class="bg-[#bb2d91]"
          data-testid="bg-[#bb2d91]"
        />
        <div
          class="bg-[#b43495]"
          data-testid="bg-[#b43495]"
        />
        <div
          class="bg-[#a93595]"
          data-testid="bg-[#a93595]"
        />
        <div
          class="bg-[#a03894]"
          data-testid="bg-[#a03894]"
        />
        <div
          class="bg-[#933995]"
          data-testid="bg-[#933995]"
        />
        <div
          class="bg-[#8c3e98]"
          data-testid="bg-[#8c3e98]"
        />
        <div
          class="bg-[#833e98]"
          data-testid="bg-[#833e98]"
        />
        <div
          class="bg-[#7e3f9b]"
          data-testid="bg-[#7e3f9b]"
        />
        <div
          class="bg-[#74419b]"
          data-testid="bg-[#74419b]"
        />
      </div>
      <div
        class="c0"
      >
        <div
          class="bg-[#884b20]"
          data-testid="bg-[#884b20]"
        />
        <div
          class="bg-[#954520]"
          data-testid="bg-[#954520]"
        />
        <div
          class="bg-[#9d4022]"
          data-testid="bg-[#9d4022]"
        />
        <div
          class="bg-[#ad3f25]"
          data-testid="bg-[#ad3f25]"
        />
        <div
          class="bg-[#ba3925]"
          data-testid="bg-[#ba3925]"
        />
        <div
          class="bg-[#c72d28]"
          data-testid="bg-[#c72d28]"
        />
        <div
          class="bg-[#d82929]"
          data-testid="bg-[#d82929]"
        />
        <div
          class="bg-[#e52126]"
          data-testid="bg-[#e52126]"
        />
        <div
          class="bg-[#ee2225]"
          data-testid="bg-[#ee2225]"
        />
        <div
          class="bg-[#ee272a]"
          data-testid="bg-[#ee272a]"
        />
        <div
          class="bg-[#ef2933]"
          data-testid="bg-[#ef2933]"
        />
        <div
          class="bg-[#ed263c]"
          data-testid="bg-[#ed263c]"
        />
        <div
          class="bg-[#ee2142]"
          data-testid="bg-[#ee2142]"
        />
        <div
          class="bg-[#ee204f]"
          data-testid="bg-[#ee204f]"
        />
        <div
          class="bg-[#ee1d5f]"
          data-testid="bg-[#ee1d5f]"
        />
        <div
          class="bg-[#ed166f]"
          data-testid="bg-[#ed166f]"
        />
        <div
          class="bg-[#ee0f7d]"
          data-testid="bg-[#ee0f7d]"
        />
        <div
          class="bg-[#ea0c8e]"
          data-testid="bg-[#ea0c8e]"
        />
        <div
          class="bg-[#db2b91]"
          data-testid="bg-[#db2b91]"
        />
        <div
          class="bg-[#cd3a94]"
          data-testid="bg-[#cd3a94]"
        />
        <div
          class="bg-[#bf3f98]"
          data-testid="bg-[#bf3f98]"
        />
        <div
          class="bg-[#b53d98]"
          data-testid="bg-[#b53d98]"
        />
        <div
          class="bg-[#a93d98]"
          data-testid="bg-[#a93d98]"
        />
        <div
          class="bg-[#9f3e98]"
          data-testid="bg-[#9f3e98]"
        />
        <div
          class="bg-[#983e97]"
          data-testid="bg-[#983e97]"
        />
        <div
          class="bg-[#8e3d96]"
          data-testid="bg-[#8e3d96]"
        />
        <div
          class="bg-[#833e98]"
          data-testid="bg-[#833e98]"
        />
        <div
          class="bg-[#7e3f9b]"
          data-testid="bg-[#7e3f9b]"
        />
        <div
          class="bg-[#723d98]"
          data-testid="bg-[#723d98]"
        />
        <div
          class="bg-[#693c96]"
          data-testid="bg-[#693c96]"
        />
      </div>
      <div
        class="c0"
      >
        <div
          class="bg-[#a66229]"
          data-testid="bg-[#a66229]"
        />
        <div
          class="bg-[#ac5b27]"
          data-testid="bg-[#ac5b27]"
        />
        <div
          class="bg-[#ba5a26]"
          data-testid="bg-[#ba5a26]"
        />
        <div
          class="bg-[#c24e28]"
          data-testid="bg-[#c24e28]"
        />
        <div
          class="bg-[#ce4828]"
          data-testid="bg-[#ce4828]"
        />
        <div
          class="bg-[#d84129]"
          data-testid="bg-[#d84129]"
        />
        <div
          class="bg-[#e33927]"
          data-testid="bg-[#e33927]"
        />
        <div
          class="bg-[#e93124]"
          data-testid="bg-[#e93124]"
        />
        <div
          class="bg-[#ef362c]"
          data-testid="bg-[#ef362c]"
        />
        <div
          class="bg-[#ef3c40]"
          data-testid="bg-[#ef3c40]"
        />
        <div
          class="bg-[#ef404d]"
          data-testid="bg-[#ef404d]"
        />
        <div
          class="bg-[#ee3b51]"
          data-testid="bg-[#ee3b51]"
        />
        <div
          class="bg-[#ef3a5e]"
          data-testid="bg-[#ef3a5e]"
        />
        <div
          class="bg-[#ee3168]"
          data-testid="bg-[#ee3168]"
        />
        <div
          class="bg-[#ed3278]"
          data-testid="bg-[#ed3278]"
        />
        <div
          class="bg-[#ee2b88]"
          data-testid="bg-[#ee2b88]"
        />
        <div
          class="bg-[#ec3197]"
          data-testid="bg-[#ec3197]"
        />
        <div
          class="bg-[#dc4399]"
          data-testid="bg-[#dc4399]"
        />
        <div
          class="bg-[#ca499b]"
          data-testid="bg-[#ca499b]"
        />
        <div
          class="bg-[#bb4c9d]"
          data-testid="bg-[#bb4c9d]"
        />
        <div
          class="bg-[#b54a9c]"
          data-testid="bg-[#b54a9c]"
        />
        <div
          class="bg-[#a7489a]"
          data-testid="bg-[#a7489a]"
        />
        <div
          class="bg-[#9f469a]"
          data-testid="bg-[#9f469a]"
        />
        <div
          class="bg-[#954398]"
          data-testid="bg-[#954398]"
        />
        <div
          class="bg-[#8c4399]"
          data-testid="bg-[#8c4399]"
        />
        <div
          class="bg-[#823f98]"
          data-testid="bg-[#823f98]"
        />
        <div
          class="bg-[#7a3d98]"
          data-testid="bg-[#7a3d98]"
        />
        <div
          class="bg-[#743c98]"
          data-testid="bg-[#743c98]"
        />
        <div
          class="bg-[#663a96]"
          data-testid="bg-[#663a96]"
        />
        <div
          class="bg-[#5a3191]"
          data-testid="bg-[#5a3191]"
        />
      </div>
      <div
        class="c0"
      >
        <div
          class="bg-[#c9832b]"
          data-testid="bg-[#c9832b]"
        />
        <div
          class="bg-[#d88229]"
          data-testid="bg-[#d88229]"
        />
        <div
          class="bg-[#dd7828]"
          data-testid="bg-[#dd7828]"
        />
        <div
          class="bg-[#e87923]"
          data-testid="bg-[#e87923]"
        />
        <div
          class="bg-[#e87923]"
          data-testid="bg-[#e87923]"
        />
        <div
          class="bg-[#eb5e24]"
          data-testid="bg-[#eb5e24]"
        />
        <div
          class="bg-[#f2602b]"
          data-testid="bg-[#f2602b]"
        />
        <div
          class="bg-[#f05633]"
          data-testid="bg-[#f05633]"
        />
        <div
          class="bg-[#f1503d]"
          data-testid="bg-[#f1503d]"
        />
        <div
          class="bg-[#f05651]"
          data-testid="bg-[#f05651]"
        />
        <div
          class="bg-[#f15e66]"
          data-testid="bg-[#f15e66]"
        />
        <div
          class="bg-[#f05f6b]"
          data-testid="bg-[#f05f6b]"
        />
        <div
          class="bg-[#f15971]"
          data-testid="bg-[#f15971]"
        />
        <div
          class="bg-[#f0537f]"
          data-testid="bg-[#f0537f]"
        />
        <div
          class="bg-[#ef4f8c]"
          data-testid="bg-[#ef4f8c]"
        />
        <div
          class="bg-[#f04f9c]"
          data-testid="bg-[#f04f9c]"
        />
        <div
          class="bg-[#df569f]"
          data-testid="bg-[#df569f]"
        />
        <div
          class="bg-[#cd58a2]"
          data-testid="bg-[#cd58a2]"
        />
        <div
          class="bg-[#bf5fa6]"
          data-testid="bg-[#bf5fa6]"
        />
        <div
          class="bg-[#b658a3]"
          data-testid="bg-[#b658a3]"
        />
        <div
          class="bg-[#a555a2]"
          data-testid="bg-[#a555a2]"
        />
        <div
          class="bg-[#9b4e9f]"
          data-testid="bg-[#9b4e9f]"
        />
        <div
          class="bg-[#954c9e]"
          data-testid="bg-[#954c9e]"
        />
        <div
          class="bg-[#8e4a9e]"
          data-testid="bg-[#8e4a9e]"
        />
        <div
          class="bg-[#82449b]"
          data-testid="bg-[#82449b]"
        />
        <div
          class="bg-[#7b429a]"
          data-testid="bg-[#7b429a]"
        />
        <div
          class="bg-[#6f3e9a]"
          data-testid="bg-[#6f3e9a]"
        />
        <div
          class="bg-[#673895]"
          data-testid="bg-[#673895]"
        />
        <div
          class="bg-[#583492]"
          data-testid="bg-[#583492]"
        />
        <div
          class="bg-[#462e8b]"
          data-testid="bg-[#462e8b]"
        />
      </div>
      <div
        class="c0"
      >
        <div
          class="bg-[#e79d24]"
          data-testid="bg-[#e79d24]"
        />
        <div
          class="bg-[#f0991e]"
          data-testid="bg-[#f0991e]"
        />
        <div
          class="bg-[#f6931c]"
          data-testid="bg-[#f6931c]"
        />
        <div
          class="bg-[#f68d1e]"
          data-testid="bg-[#f68d1e]"
        />
        <div
          class="bg-[#f78525]"
          data-testid="bg-[#f78525]"
        />
        <div
          class="bg-[#f5782e]"
          data-testid="bg-[#f5782e]"
        />
        <div
          class="bg-[#f4773d]"
          data-testid="bg-[#f4773d]"
        />
        <div
          class="bg-[#f36f45]"
          data-testid="bg-[#f36f45]"
        />
        <div
          class="bg-[#f27151]"
          data-testid="bg-[#f27151]"
        />
        <div
          class="bg-[#f37868]"
          data-testid="bg-[#f37868]"
        />
        <div
          class="bg-[#f47776]"
          data-testid="bg-[#f47776]"
        />
        <div
          class="bg-[#f57880]"
          data-testid="bg-[#f57880]"
        />
        <div
          class="bg-[#f3778a]"
          data-testid="bg-[#f3778a]"
        />
        <div
          class="bg-[#f47096]"
          data-testid="bg-[#f47096]"
        />
        <div
          class="bg-[#f069a5]"
          data-testid="bg-[#f069a5]"
        />
        <div
          class="bg-[#e770ad]"
          data-testid="bg-[#e770ad]"
        />
        <div
          class="bg-[#d371ab]"
          data-testid="bg-[#d371ab]"
        />
        <div
          class="bg-[#c772af]"
          data-testid="bg-[#c772af]"
        />
        <div
          class="bg-[#bc72af]"
          data-testid="bg-[#bc72af]"
        />
        <div
          class="bg-[#ad67aa]"
          data-testid="bg-[#ad67aa]"
        />
        <div
          class="bg-[#9f5fa7]"
          data-testid="bg-[#9f5fa7]"
        />
        <div
          class="bg-[#9359a6]"
          data-testid="bg-[#9359a6]"
        />
        <div
          class="bg-[#8d55a3]"
          data-testid="bg-[#8d55a3]"
        />
        <div
          class="bg-[#8552a0]"
          data-testid="bg-[#8552a0]"
        />
        <div
          class="bg-[#7a489d]"
          data-testid="bg-[#7a489d]"
        />
        <div
          class="bg-[#6f469d]"
          data-testid="bg-[#6f469d]"
        />
        <div
          class="bg-[#633f98]"
          data-testid="bg-[#633f98]"
        />
        <div
          class="bg-[#583492]"
          data-testid="bg-[#583492]"
        />
        <div
          class="bg-[#492d92]"
          data-testid="bg-[#492d92]"
        />
        <div
          class="bg-[#352b85]"
          data-testid="bg-[#352b85]"
        />
      </div>
      <div
        class="c0"
      >
        <div
          class="bg-[#ffb516]"
          data-testid="bg-[#ffb516]"
        />
        <div
          class="bg-[#fdb223]"
          data-testid="bg-[#fdb223]"
        />
        <div
          class="bg-[#fbab2b]"
          data-testid="bg-[#fbab2b]"
        />
        <div
          class="bg-[#fbab2b]"
          data-testid="bg-[#fbab2b]"
        />
        <div
          class="bg-[#fba741]"
          data-testid="bg-[#fba741]"
        />
        <div
          class="bg-[#faa44c]"
          data-testid="bg-[#faa44c]"
        />
        <div
          class="bg-[#f69856]"
          data-testid="bg-[#f69856]"
        />
        <div
          class="bg-[#f98f5e]"
          data-testid="bg-[#f98f5e]"
        />
        <div
          class="bg-[#f58965]"
          data-testid="bg-[#f58965]"
        />
        <div
          class="bg-[#f58874]"
          data-testid="bg-[#f58874]"
        />
        <div
          class="bg-[#f68f82]"
          data-testid="bg-[#f68f82]"
        />
        <div
          class="bg-[#f4908f]"
          data-testid="bg-[#f4908f]"
        />
        <div
          class="bg-[#f58f9a]"
          data-testid="bg-[#f58f9a]"
        />
        <div
          class="bg-[#f58da5]"
          data-testid="bg-[#f58da5]"
        />
        <div
          class="bg-[#f188b4]"
          data-testid="bg-[#f188b4]"
        />
        <div
          class="bg-[#e08dbb]"
          data-testid="bg-[#e08dbb]"
        />
        <div
          class="bg-[#d28cbf]"
          data-testid="bg-[#d28cbf]"
        />
        <div
          class="bg-[#c78dbe]"
          data-testid="bg-[#c78dbe]"
        />
        <div
          class="bg-[#ba83ba]"
          data-testid="bg-[#ba83ba]"
        />
        <div
          class="bg-[#aa7ab6]"
          data-testid="bg-[#aa7ab6]"
        />
        <div
          class="bg-[#9d75b5]"
          data-testid="bg-[#9d75b5]"
        />
        <div
          class="bg-[#9067ac]"
          data-testid="bg-[#9067ac]"
        />
        <div
          class="bg-[#865fa8]"
          data-testid="bg-[#865fa8]"
        />
        <div
          class="bg-[#7b5aa7]"
          data-testid="bg-[#7b5aa7]"
        />
        <div
          class="bg-[#7251a3]"
          data-testid="bg-[#7251a3]"
        />
        <div
          class="bg-[#644b9f]"
          data-testid="bg-[#644b9f]"
        />
        <div
          class="bg-[#5a4398]"
          data-testid="bg-[#5a4398]"
        />
        <div
          class="bg-[#4c3395]"
          data-testid="bg-[#4c3395]"
        />
        <div
          class="bg-[#3b2f90]"
          data-testid="bg-[#3b2f90]"
        />
        <div
          class="bg-[#2d2978]"
          data-testid="bg-[#2d2978]"
        />
      </div>
      <div
        class="c0"
      >
        <div
          class="bg-[#fec215]"
          data-testid="bg-[#fec215]"
        />
        <div
          class="bg-[#fec02a]"
          data-testid="bg-[#fec02a]"
        />
        <div
          class="bg-[#fcb82d]"
          data-testid="bg-[#fcb82d]"
        />
        <div
          class="bg-[#fcb53c]"
          data-testid="bg-[#fcb53c]"
        />
        <div
          class="bg-[#fdba5f]"
          data-testid="bg-[#fdba5f]"
        />
        <div
          class="bg-[#f9ac56]"
          data-testid="bg-[#f9ac56]"
        />
        <div
          class="bg-[#faab64]"
          data-testid="bg-[#faab64]"
        />
        <div
          class="bg-[#faa36e]"
          data-testid="bg-[#faa36e]"
        />
        <div
          class="bg-[#f7a278]"
          data-testid="bg-[#f7a278]"
        />
        <div
          class="bg-[#f8a186]"
          data-testid="bg-[#f8a186]"
        />
        <div
          class="bg-[#f69f96]"
          data-testid="bg-[#f69f96]"
        />
        <div
          class="bg-[#f69e9a]"
          data-testid="bg-[#f69e9a]"
        />
        <div
          class="bg-[#f69ea7]"
          data-testid="bg-[#f69ea7]"
        />
        <div
          class="bg-[#f69baa]"
          data-testid="bg-[#f69baa]"
        />
        <div
          class="bg-[#f39dc4]"
          data-testid="bg-[#f39dc4]"
        />
        <div
          class="bg-[#e2a5cc]"
          data-testid="bg-[#e2a5cc]"
        />
        <div
          class="bg-[#d2a7ca]"
          data-testid="bg-[#d2a7ca]"
        />
        <div
          class="bg-[#cdaed4]"
          data-testid="bg-[#cdaed4]"
        />
        <div
          class="bg-[#b998c8]"
          data-testid="bg-[#b998c8]"
        />
        <div
          class="bg-[#a98cc1]"
          data-testid="bg-[#a98cc1]"
        />
        <div
          class="bg-[#9a83bd]"
          data-testid="bg-[#9a83bd]"
        />
        <div
          class="bg-[#8a77b6]"
          data-testid="bg-[#8a77b6]"
        />
        <div
          class="bg-[#806eb2]"
          data-testid="bg-[#806eb2]"
        />
        <div
          class="bg-[#7466af]"
          data-testid="bg-[#7466af]"
        />
        <div
          class="bg-[#675da9]"
          data-testid="bg-[#675da9]"
        />
        <div
          class="bg-[#5756a4]"
          data-testid="bg-[#5756a4]"
        />
        <div
          class="bg-[#504b9f]"
          data-testid="bg-[#504b9f]"
        />
        <div
          class="bg-[#45429c]"
          data-testid="bg-[#45429c]"
        />
        <div
          class="bg-[#323795]"
          data-testid="bg-[#323795]"
        />
        <div
          class="bg-[#2b2f87]"
          data-testid="bg-[#2b2f87]"
        />
      </div>
      <div
        class="c0"
      >
        <div
          class="bg-[#fdd017]"
          data-testid="bg-[#fdd017]"
        />
        <div
          class="bg-[#fece2a]"
          data-testid="bg-[#fece2a]"
        />
        <div
          class="bg-[#fdc930]"
          data-testid="bg-[#fdc930]"
        />
        <div
          class="bg-[#fdc841]"
          data-testid="bg-[#fdc841]"
        />
        <div
          class="bg-[#fec74b]"
          data-testid="bg-[#fec74b]"
        />
        <div
          class="bg-[#febf59]"
          data-testid="bg-[#febf59]"
        />
        <div
          class="bg-[#fdbc60]"
          data-testid="bg-[#fdbc60]"
        />
        <div
          class="bg-[#fdba6c]"
          data-testid="bg-[#fdba6c]"
        />
        <div
          class="bg-[#fcb37a]"
          data-testid="bg-[#fcb37a]"
        />
        <div
          class="bg-[#fbb083]"
          data-testid="bg-[#fbb083]"
        />
        <div
          class="bg-[#f9af8f]"
          data-testid="bg-[#f9af8f]"
        />
        <div
          class="bg-[#fbb3a0]"
          data-testid="bg-[#fbb3a0]"
        />
        <div
          class="bg-[#f5b7ae]"
          data-testid="bg-[#f5b7ae]"
        />
        <div
          class="bg-[#f3b6b6]"
          data-testid="bg-[#f3b6b6]"
        />
        <div
          class="bg-[#edb6c8]"
          data-testid="bg-[#edb6c8]"
        />
        <div
          class="bg-[#d8b7d7]"
          data-testid="bg-[#d8b7d7]"
        />
        <div
          class="bg-[#ceb8d9]"
          data-testid="bg-[#ceb8d9]"
        />
        <div
          class="bg-[#ccbedc]"
          data-testid="bg-[#ccbedc]"
        />
        <div
          class="bg-[#b5aad4]"
          data-testid="bg-[#b5aad4]"
        />
        <div
          class="bg-[#a6a1ce]"
          data-testid="bg-[#a6a1ce]"
        />
        <div
          class="bg-[#9995ca]"
          data-testid="bg-[#9995ca]"
        />
        <div
          class="bg-[#8489c2]"
          data-testid="bg-[#8489c2]"
        />
        <div
          class="bg-[#767ebd]"
          data-testid="bg-[#767ebd]"
        />
        <div
          class="bg-[#6a76b9]"
          data-testid="bg-[#6a76b9]"
        />
        <div
          class="bg-[#5d6bb1]"
          data-testid="bg-[#5d6bb1]"
        />
        <div
          class="bg-[#5162ae]"
          data-testid="bg-[#5162ae]"
        />
        <div
          class="bg-[#4859a8]"
          data-testid="bg-[#4859a8]"
        />
        <div
          class="bg-[#3f4fa2]"
          data-testid="bg-[#3f4fa2]"
        />
        <div
          class="bg-[#2f459b]"
          data-testid="bg-[#2f459b]"
        />
        <div
          class="bg-[#253b98]"
          data-testid="bg-[#253b98]"
        />
      </div>
      <div
        class="c0"
      >
        <div
          class="bg-[#fce219]"
          data-testid="bg-[#fce219]"
        />
        <div
          class="bg-[#fddd28]"
          data-testid="bg-[#fddd28]"
        />
        <div
          class="bg-[#fdda34]"
          data-testid="bg-[#fdda34]"
        />
        <div
          class="bg-[#fed944]"
          data-testid="bg-[#fed944]"
        />
        <div
          class="bg-[#fedf4c]"
          data-testid="bg-[#fedf4c]"
        />
        <div
          class="bg-[#ffd85a]"
          data-testid="bg-[#ffd85a]"
        />
        <div
          class="bg-[#fedb62]"
          data-testid="bg-[#fedb62]"
        />
        <div
          class="bg-[#fbd66a]"
          data-testid="bg-[#fbd66a]"
        />
        <div
          class="bg-[#f5dc7c]"
          data-testid="bg-[#f5dc7c]"
        />
        <div
          class="bg-[#f1e193]"
          data-testid="bg-[#f1e193]"
        />
        <div
          class="bg-[#ecde9e]"
          data-testid="bg-[#ecde9e]"
        />
        <div
          class="bg-[#e8e2b4]"
          data-testid="bg-[#e8e2b4]"
        />
        <div
          class="bg-[#e2e0c3]"
          data-testid="bg-[#e2e0c3]"
        />
        <div
          class="bg-[#dce2cb]"
          data-testid="bg-[#dce2cb]"
        />
        <div
          class="bg-[#d3e1d3]"
          data-testid="bg-[#d3e1d3]"
        />
        <div
          class="bg-[#c6dee4]"
          data-testid="bg-[#c6dee4]"
        />
        <div
          class="bg-[#c2d9f1]"
          data-testid="bg-[#c2d9f1]"
        />
        <div
          class="bg-[#c1d8f0]"
          data-testid="bg-[#c1d8f0]"
        />
        <div
          class="bg-[#a7c9e9]"
          data-testid="bg-[#a7c9e9]"
        />
        <div
          class="bg-[#99bae1]"
          data-testid="bg-[#99bae1]"
        />
        <div
          class="bg-[#8babd9]"
          data-testid="bg-[#8babd9]"
        />
        <div
          class="bg-[#7ba2d7]"
          data-testid="bg-[#7ba2d7]"
        />
        <div
          class="bg-[#7193cc]"
          data-testid="bg-[#7193cc]"
        />
        <div
          class="bg-[#6786c4]"
          data-testid="bg-[#6786c4]"
        />
        <div
          class="bg-[#577abb]"
          data-testid="bg-[#577abb]"
        />
        <div
          class="bg-[#4d6cb6]"
          data-testid="bg-[#4d6cb6]"
        />
        <div
          class="bg-[#4362ae]"
          data-testid="bg-[#4362ae]"
        />
        <div
          class="bg-[#3b5ca7]"
          data-testid="bg-[#3b5ca7]"
        />
        <div
          class="bg-[#344fa3]"
          data-testid="bg-[#344fa3]"
        />
        <div
          class="bg-[#29469e]"
          data-testid="bg-[#29469e]"
        />
      </div>
      <div
        class="c0"
      >
        <div
          class="bg-[#faed24]"
          data-testid="bg-[#faed24]"
        />
        <div
          class="bg-[#faec2a]"
          data-testid="bg-[#faec2a]"
        />
        <div
          class="bg-[#fbeb35]"
          data-testid="bg-[#fbeb35]"
        />
        <div
          class="bg-[#faee47]"
          data-testid="bg-[#faee47]"
        />
        <div
          class="bg-[#faf04d]"
          data-testid="bg-[#faf04d]"
        />
        <div
          class="bg-[#f9f25c]"
          data-testid="bg-[#f9f25c]"
        />
        <div
          class="bg-[#f8f06c]"
          data-testid="bg-[#f8f06c]"
        />
        <div
          class="bg-[#f0ef82]"
          data-testid="bg-[#f0ef82]"
        />
        <div
          class="bg-[#e8ec8d]"
          data-testid="bg-[#e8ec8d]"
        />
        <div
          class="bg-[#dfe99d]"
          data-testid="bg-[#dfe99d]"
        />
        <div
          class="bg-[#d9e7ac]"
          data-testid="bg-[#d9e7ac]"
        />
        <div
          class="bg-[#d4e8bf]"
          data-testid="bg-[#d4e8bf]"
        />
        <div
          class="bg-[#d2e8cc]"
          data-testid="bg-[#d2e8cc]"
        />
        <div
          class="bg-[#cdead2]"
          data-testid="bg-[#cdead2]"
        />
        <div
          class="bg-[#c7e7d8]"
          data-testid="bg-[#c7e7d8]"
        />
        <div
          class="bg-[#bae6e5]"
          data-testid="bg-[#bae6e5]"
        />
        <div
          class="bg-[#b3e3f2]"
          data-testid="bg-[#b3e3f2]"
        />
        <div
          class="bg-[#b2e3f7]"
          data-testid="bg-[#b2e3f7]"
        />
        <div
          class="bg-[#9fddf5]"
          data-testid="bg-[#9fddf5]"
        />
        <div
          class="bg-[#87d6f7]"
          data-testid="bg-[#87d6f7]"
        />
        <div
          class="bg-[#7ec7ee]"
          data-testid="bg-[#7ec7ee]"
        />
        <div
          class="bg-[#72b5e5]"
          data-testid="bg-[#72b5e5]"
        />
        <div
          class="bg-[#66a9dd]"
          data-testid="bg-[#66a9dd]"
        />
        <div
          class="bg-[#5d98d1]"
          data-testid="bg-[#5d98d1]"
        />
        <div
          class="bg-[#518cca]"
          data-testid="bg-[#518cca]"
        />
        <div
          class="bg-[#4c7cc0]"
          data-testid="bg-[#4c7cc0]"
        />
        <div
          class="bg-[#3f6fb7]"
          data-testid="bg-[#3f6fb7]"
        />
        <div
          class="bg-[#3766b1]"
          data-testid="bg-[#3766b1]"
        />
        <div
          class="bg-[#375bac]"
          data-testid="bg-[#375bac]"
        />
        <div
          class="bg-[#3051a3]"
          data-testid="bg-[#3051a3]"
        />
      </div>
      <div
        class="c0"
      >
        <div
          class="bg-[#f7f03c]"
          data-testid="bg-[#f7f03c]"
        />
        <div
          class="bg-[#f7ef40]"
          data-testid="bg-[#f7ef40]"
        />
        <div
          class="bg-[#f5ee46]"
          data-testid="bg-[#f5ee46]"
        />
        <div
          class="bg-[#f5ef4d]"
          data-testid="bg-[#f5ef4d]"
        />
        <div
          class="bg-[#f2ec5a]"
          data-testid="bg-[#f2ec5a]"
        />
        <div
          class="bg-[#eced68]"
          data-testid="bg-[#eced68]"
        />
        <div
          class="bg-[#e8ea7c]"
          data-testid="bg-[#e8ea7c]"
        />
        <div
          class="bg-[#e0e785]"
          data-testid="bg-[#e0e785]"
        />
        <div
          class="bg-[#d7e484]"
          data-testid="bg-[#d7e484]"
        />
        <div
          class="bg-[#c9df8d]"
          data-testid="bg-[#c9df8d]"
        />
        <div
          class="bg-[#bfde98]"
          data-testid="bg-[#bfde98]"
        />
        <div
          class="bg-[#b5dba3]"
          data-testid="bg-[#b5dba3]"
        />
        <div
          class="bg-[#b4dbae]"
          data-testid="bg-[#b4dbae]"
        />
        <div
          class="bg-[#b0dab5]"
          data-testid="bg-[#b0dab5]"
        />
        <div
          class="bg-[#aedbc1]"
          data-testid="bg-[#aedbc1]"
        />
        <div
          class="bg-[#afded7]"
          data-testid="bg-[#afded7]"
        />
        <div
          class="bg-[#abddde]"
          data-testid="bg-[#abddde]"
        />
        <div
          class="bg-[#a8dee2]"
          data-testid="bg-[#a8dee2]"
        />
        <div
          class="bg-[#99d8e7]"
          data-testid="bg-[#99d8e7]"
        />
        <div
          class="bg-[#89d7ef]"
          data-testid="bg-[#89d7ef]"
        />
        <div
          class="bg-[#73d1f6]"
          data-testid="bg-[#73d1f6]"
        />
        <div
          class="bg-[#64cbf4]"
          data-testid="bg-[#64cbf4]"
        />
        <div
          class="bg-[#5fbcea]"
          data-testid="bg-[#5fbcea]"
        />
        <div
          class="bg-[#5aabdd]"
          data-testid="bg-[#5aabdd]"
        />
        <div
          class="bg-[#539ed5]"
          data-testid="bg-[#539ed5]"
        />
        <div
          class="bg-[#498aca]"
          data-testid="bg-[#498aca]"
        />
        <div
          class="bg-[#3f7dc1]"
          data-testid="bg-[#3f7dc1]"
        />
        <div
          class="bg-[#3c70b7]"
          data-testid="bg-[#3c70b7]"
        />
        <div
          class="bg-[#3665b0]"
          data-testid="bg-[#3665b0]"
        />
        <div
          class="bg-[#335dac]"
          data-testid="bg-[#335dac]"
        />
      </div>
      <div
        class="c0"
      >
        <div
          class="bg-[#f3ed22]"
          data-testid="bg-[#f3ed22]"
        />
        <div
          class="bg-[#f1eb2e]"
          data-testid="bg-[#f1eb2e]"
        />
        <div
          class="bg-[#ebe932]"
          data-testid="bg-[#ebe932]"
        />
        <div
          class="bg-[#eae93a]"
          data-testid="bg-[#eae93a]"
        />
        <div
          class="bg-[#e5e745]"
          data-testid="bg-[#e5e745]"
        />
        <div
          class="bg-[#dde552]"
          data-testid="bg-[#dde552]"
        />
        <div
          class="bg-[#d0e15e]"
          data-testid="bg-[#d0e15e]"
        />
        <div
          class="bg-[#c0dc67]"
          data-testid="bg-[#c0dc67]"
        />
        <div
          class="bg-[#b2d86d]"
          data-testid="bg-[#b2d86d]"
        />
        <div
          class="bg-[#a9d478]"
          data-testid="bg-[#a9d478]"
        />
        <div
          class="bg-[#a0d17f]"
          data-testid="bg-[#a0d17f]"
        />
        <div
          class="bg-[#98d18a]"
          data-testid="bg-[#98d18a]"
        />
        <div
          class="bg-[#92cf99]"
          data-testid="bg-[#92cf99]"
        />
        <div
          class="bg-[#8dcd9c]"
          data-testid="bg-[#8dcd9c]"
        />
        <div
          class="bg-[#8ed0a8]"
          data-testid="bg-[#8ed0a8]"
        />
        <div
          class="bg-[#8ed0b3]"
          data-testid="bg-[#8ed0b3]"
        />
        <div
          class="bg-[#8fd1bf]"
          data-testid="bg-[#8fd1bf]"
        />
        <div
          class="bg-[#8cd1c8]"
          data-testid="bg-[#8cd1c8]"
        />
        <div
          class="bg-[#84d0cb]"
          data-testid="bg-[#84d0cb]"
        />
        <div
          class="bg-[#7bced4]"
          data-testid="bg-[#7bced4]"
        />
        <div
          class="bg-[#6acbda]"
          data-testid="bg-[#6acbda]"
        />
        <div
          class="bg-[#56c9df]"
          data-testid="bg-[#56c9df]"
        />
        <div
          class="bg-[#3cc7f1]"
          data-testid="bg-[#3cc7f1]"
        />
        <div
          class="bg-[#38bbec]"
          data-testid="bg-[#38bbec]"
        />
        <div
          class="bg-[#3ca9e2]"
          data-testid="bg-[#3ca9e2]"
        />
        <div
          class="bg-[#3b9ad5]"
          data-testid="bg-[#3b9ad5]"
        />
        <div
          class="bg-[#4188c9]"
          data-testid="bg-[#4188c9]"
        />
        <div
          class="bg-[#3979bc]"
          data-testid="bg-[#3979bc]"
        />
        <div
          class="bg-[#3c70b9]"
          data-testid="bg-[#3c70b9]"
        />
        <div
          class="bg-[#3465b2]"
          data-testid="bg-[#3465b2]"
        />
      </div>
      <div
        class="c0"
      >
        <div
          class="bg-[#e2e41f]"
          data-testid="bg-[#e2e41f]"
        />
        <div
          class="bg-[#dbe227]"
          data-testid="bg-[#dbe227]"
        />
        <div
          class="bg-[#d7e22f]"
          data-testid="bg-[#d7e22f]"
        />
        <div
          class="bg-[#cfdf38]"
          data-testid="bg-[#cfdf38]"
        />
        <div
          class="bg-[#cadb44]"
          data-testid="bg-[#cadb44]"
        />
        <div
          class="bg-[#bbd745]"
          data-testid="bg-[#bbd745]"
        />
        <div
          class="bg-[#b0d34c]"
          data-testid="bg-[#b0d34c]"
        />
        <div
          class="bg-[#a1ce51]"
          data-testid="bg-[#a1ce51]"
        />
        <div
          class="bg-[#90c958]"
          data-testid="bg-[#90c958]"
        />
        <div
          class="bg-[#86c75f]"
          data-testid="bg-[#86c75f]"
        />
        <div
          class="bg-[#7bc56a]"
          data-testid="bg-[#7bc56a]"
        />
        <div
          class="bg-[#72c471]"
          data-testid="bg-[#72c471]"
        />
        <div
          class="bg-[#70c27c]"
          data-testid="bg-[#70c27c]"
        />
        <div
          class="bg-[#6fc284]"
          data-testid="bg-[#6fc284]"
        />
        <div
          class="bg-[#70c48b]"
          data-testid="bg-[#70c48b]"
        />
        <div
          class="bg-[#70c593]"
          data-testid="bg-[#70c593]"
        />
        <div
          class="bg-[#71c59e]"
          data-testid="bg-[#71c59e]"
        />
        <div
          class="bg-[#73c8a7]"
          data-testid="bg-[#73c8a7]"
        />
        <div
          class="bg-[#76c8ac]"
          data-testid="bg-[#76c8ac]"
        />
        <div
          class="bg-[#6bc6b4]"
          data-testid="bg-[#6bc6b4]"
        />
        <div
          class="bg-[#60c6bb]"
          data-testid="bg-[#60c6bb]"
        />
        <div
          class="bg-[#55c4c5]"
          data-testid="bg-[#55c4c5]"
        />
        <div
          class="bg-[#48c3d0]"
          data-testid="bg-[#48c3d0]"
        />
        <div
          class="bg-[#30c2dc]"
          data-testid="bg-[#30c2dc]"
        />
        <div
          class="bg-[#1cbbe5]"
          data-testid="bg-[#1cbbe5]"
        />
        <div
          class="bg-[#22abe3]"
          data-testid="bg-[#22abe3]"
        />
        <div
          class="bg-[#289cd7]"
          data-testid="bg-[#289cd7]"
        />
        <div
          class="bg-[#378ccd]"
          data-testid="bg-[#378ccd]"
        />
        <div
          class="bg-[#327fc2]"
          data-testid="bg-[#327fc2]"
        />
        <div
          class="bg-[#2c73b8]"
          data-testid="bg-[#2c73b8]"
        />
      </div>
      <div
        class="c0"
      >
        <div
          class="bg-[#c4d92e]"
          data-testid="bg-[#c4d92e]"
        />
        <div
          class="bg-[#bdd630]"
          data-testid="bg-[#bdd630]"
        />
        <div
          class="bg-[#b3d433]"
          data-testid="bg-[#b3d433]"
        />
        <div
          class="bg-[#abcf38]"
          data-testid="bg-[#abcf38]"
        />
        <div
          class="bg-[#a0cd3a]"
          data-testid="bg-[#a0cd3a]"
        />
        <div
          class="bg-[#95ca3d]"
          data-testid="bg-[#95ca3d]"
        />
        <div
          class="bg-[#82c340]"
          data-testid="bg-[#82c340]"
        />
        <div
          class="bg-[#6ebd45]"
          data-testid="bg-[#6ebd45]"
        />
        <div
          class="bg-[#6dbd45]"
          data-testid="bg-[#6dbd45]"
        />
        <div
          class="bg-[#5db545]"
          data-testid="bg-[#5db545]"
        />
        <div
          class="bg-[#55b44b]"
          data-testid="bg-[#55b44b]"
        />
        <div
          class="bg-[#4db255]"
          data-testid="bg-[#4db255]"
        />
        <div
          class="bg-[#47b859]"
          data-testid="bg-[#47b859]"
        />
        <div
          class="bg-[#49b86a]"
          data-testid="bg-[#49b86a]"
        />
        <div
          class="bg-[#51bc74]"
          data-testid="bg-[#51bc74]"
        />
        <div
          class="bg-[#58be79]"
          data-testid="bg-[#58be79]"
        />
        <div
          class="bg-[#5abd7e]"
          data-testid="bg-[#5abd7e]"
        />
        <div
          class="bg-[#5cc08a]"
          data-testid="bg-[#5cc08a]"
        />
        <div
          class="bg-[#5fc08b]"
          data-testid="bg-[#5fc08b]"
        />
        <div
          class="bg-[#60c092]"
          data-testid="bg-[#60c092]"
        />
        <div
          class="bg-[#5bc09e]"
          data-testid="bg-[#5bc09e]"
        />
        <div
          class="bg-[#52c3ac]"
          data-testid="bg-[#52c3ac]"
        />
        <div
          class="bg-[#46c1b3]"
          data-testid="bg-[#46c1b3]"
        />
        <div
          class="bg-[#36c0c4]"
          data-testid="bg-[#36c0c4]"
        />
        <div
          class="bg-[#27c0ce]"
          data-testid="bg-[#27c0ce]"
        />
        <div
          class="bg-[#17bada]"
          data-testid="bg-[#17bada]"
        />
        <div
          class="bg-[#0daede]"
          data-testid="bg-[#0daede]"
        />
        <div
          class="bg-[#16a6dc]"
          data-testid="bg-[#16a6dc]"
        />
        <div
          class="bg-[#2296d3]"
          data-testid="bg-[#2296d3]"
        />
        <div
          class="bg-[#2985c8]"
          data-testid="bg-[#2985c8]"
        />
      </div>
      <div
        class="c0"
      >
        <div
          class="bg-[#9fc639]"
          data-testid="bg-[#9fc639]"
        />
        <div
          class="bg-[#9ac53c]"
          data-testid="bg-[#9ac53c]"
        />
        <div
          class="bg-[#94c33c]"
          data-testid="bg-[#94c33c]"
        />
        <div
          class="bg-[#87c140]"
          data-testid="bg-[#87c140]"
        />
        <div
          class="bg-[#7fbc43]"
          data-testid="bg-[#7fbc43]"
        />
        <div
          class="bg-[#6db443]"
          data-testid="bg-[#6db443]"
        />
        <div
          class="bg-[#65b145]"
          data-testid="bg-[#65b145]"
        />
        <div
          class="bg-[#55a946]"
          data-testid="bg-[#55a946]"
        />
        <div
          class="bg-[#50a647]"
          data-testid="bg-[#50a647]"
        />
        <div
          class="bg-[#409e45]"
          data-testid="bg-[#409e45]"
        />
        <div
          class="bg-[#359e48]"
          data-testid="bg-[#359e48]"
        />
        <div
          class="bg-[#31a448]"
          data-testid="bg-[#31a448]"
        />
        <div
          class="bg-[#2baa4b]"
          data-testid="bg-[#2baa4b]"
        />
        <div
          class="bg-[#2bb24b]"
          data-testid="bg-[#2bb24b]"
        />
        <div
          class="bg-[#31b554]"
          data-testid="bg-[#31b554]"
        />
        <div
          class="bg-[#37b761]"
          data-testid="bg-[#37b761]"
        />
        <div
          class="bg-[#42b965]"
          data-testid="bg-[#42b965]"
        />
        <div
          class="bg-[#47ba6f]"
          data-testid="bg-[#47ba6f]"
        />
        <div
          class="bg-[#49bb72]"
          data-testid="bg-[#49bb72]"
        />
        <div
          class="bg-[#52bd77]"
          data-testid="bg-[#52bd77]"
        />
        <div
          class="bg-[#53be83]"
          data-testid="bg-[#53be83]"
        />
        <div
          class="bg-[#4abe90]"
          data-testid="bg-[#4abe90]"
        />
        <div
          class="bg-[#46bf9f]"
          data-testid="bg-[#46bf9f]"
        />
        <div
          class="bg-[#3abfa9]"
          data-testid="bg-[#3abfa9]"
        />
        <div
          class="bg-[#2fbdb8]"
          data-testid="bg-[#2fbdb8]"
        />
        <div
          class="bg-[#29c1c6]"
          data-testid="bg-[#29c1c6]"
        />
        <div
          class="bg-[#1bbed2]"
          data-testid="bg-[#1bbed2]"
        />
        <div
          class="bg-[#0eb4d3]"
          data-testid="bg-[#0eb4d3]"
        />
        <div
          class="bg-[#0da9db]"
          data-testid="bg-[#0da9db]"
        />
        <div
          class="bg-[#189fdd]"
          data-testid="bg-[#189fdd]"
        />
      </div>
      <div
        class="c0"
      >
        <div
          class="bg-[#7ca641]"
          data-testid="bg-[#7ca641]"
        />
        <div
          class="bg-[#76aa3f]"
          data-testid="bg-[#76aa3f]"
        />
        <div
          class="bg-[#6fa845]"
          data-testid="bg-[#6fa845]"
        />
        <div
          class="bg-[#66a343]"
          data-testid="bg-[#66a343]"
        />
        <div
          class="bg-[#5aa545]"
          data-testid="bg-[#5aa545]"
        />
        <div
          class="bg-[#4da046]"
          data-testid="bg-[#4da046]"
        />
        <div
          class="bg-[#449845]"
          data-testid="bg-[#449845]"
        />
        <div
          class="bg-[#3a9746]"
          data-testid="bg-[#3a9746]"
        />
        <div
          class="bg-[#2a9246]"
          data-testid="bg-[#2a9246]"
        />
        <div
          class="bg-[#1f8a42]"
          data-testid="bg-[#1f8a42]"
        />
        <div
          class="bg-[#1a8c44]"
          data-testid="bg-[#1a8c44]"
        />
        <div
          class="bg-[#159145]"
          data-testid="bg-[#159145]"
        />
        <div
          class="bg-[#149b47]"
          data-testid="bg-[#149b47]"
        />
        <div
          class="bg-[#18a24a]"
          data-testid="bg-[#18a24a]"
        />
        <div
          class="bg-[#1cab4b]"
          data-testid="bg-[#1cab4b]"
        />
        <div
          class="bg-[#1fb24c]"
          data-testid="bg-[#1fb24c]"
        />
        <div
          class="bg-[#2cb34c]"
          data-testid="bg-[#2cb34c]"
        />
        <div
          class="bg-[#34b555]"
          data-testid="bg-[#34b555]"
        />
        <div
          class="bg-[#3ab65f]"
          data-testid="bg-[#3ab65f]"
        />
        <div
          class="bg-[#3eb966]"
          data-testid="bg-[#3eb966]"
        />
        <div
          class="bg-[#40b971]"
          data-testid="bg-[#40b971]"
        />
        <div
          class="bg-[#3aba7d]"
          data-testid="bg-[#3aba7d]"
        />
        <div
          class="bg-[#34bb8b]"
          data-testid="bg-[#34bb8b]"
        />
        <div
          class="bg-[#2eb998]"
          data-testid="bg-[#2eb998]"
        />
        <div
          class="bg-[#21bca1]"
          data-testid="bg-[#21bca1]"
        />
        <div
          class="bg-[#1abcac]"
          data-testid="bg-[#1abcac]"
        />
        <div
          class="bg-[#19bcbe]"
          data-testid="bg-[#19bcbe]"
        />
        <div
          class="bg-[#14bdc8]"
          data-testid="bg-[#14bdc8]"
        />
        <div
          class="bg-[#10b8d8]"
          data-testid="bg-[#10b8d8]"
        />
        <div
          class="bg-[#0fb2e2]"
          data-testid="bg-[#0fb2e2]"
        />
      </div>
    </div>
    <div
      class="c1"
    >
      <div
        class="c2 c3"
      >
        A
      </div>
      <div
        class="c2 c3"
      >
        B
      </div>
      <div
        class="c2 c3"
      >
        C
      </div>
      <div
        class="c2 c3"
      >
        D
      </div>
      <div
        class="c2 c3"
      >
        E
      </div>
      <div
        class="c2 c3"
      >
        F
      </div>
      <div
        class="c2 c3"
      >
        G
      </div>
      <div
        class="c2 c3"
      >
        H
      </div>
      <div
        class="c2 c3"
      >
        I
      </div>
      <div
        class="c2 c3"
      >
        J
      </div>
      <div
        class="c2 c3"
      >
        K
      </div>
      <div
        class="c2 c3"
      >
        L
      </div>
      <div
        class="c2 c3"
      >
        M
      </div>
      <div
        class="c2 c3"
      >
        N
      </div>
      <div
        class="c2 c3"
      >
        O
      </div>
      <div
        class="c2 c3"
      >
        P
      </div>
    </div>
  </div>
  .c0 {
  display: -webkit-box;
  display: -webkit-flex;
  display: -ms-flexbox;
  display: flex;
  -webkit-flex-direction: row;
  -ms-flex-direction: row;
  flex-direction: row;
}

.c1 {
  margin: 0.25rem;
  width: 1.75rem;
  height: 1.75rem;
  --tw-text-opacity: 1;
  color: rgb(255 255 255 / var(--tw-text-opacity));
  font-weight: 700;
  text-align: center;
  -webkit-user-select: none;
  -moz-user-select: none;
  -ms-user-select: none;
  user-select: none;
  position: relative;
}

.c2 {
  background-color: transparent;
}

<div
    class="c0"
  >
    <div
      class="c1 c2"
    />
    <div
      class="c1 c2"
    >
      1
    </div>
    <div
      class="c1 c2"
    >
      2
    </div>
    <div
      class="c1 c2"
    >
      3
    </div>
    <div
      class="c1 c2"
    >
      4
    </div>
    <div
      class="c1 c2"
    >
      5
    </div>
    <div
      class="c1 c2"
    >
      6
    </div>
    <div
      class="c1 c2"
    >
      7
    </div>
    <div
      class="c1 c2"
    >
      8
    </div>
    <div
      class="c1 c2"
    >
      9
    </div>
    <div
      class="c1 c2"
    >
      10
    </div>
    <div
      class="c1 c2"
    >
      11
    </div>
    <div
      class="c1 c2"
    >
      12
    </div>
    <div
      class="c1 c2"
    >
      13
    </div>
    <div
      class="c1 c2"
    >
      14
    </div>
    <div
      class="c1 c2"
    >
      15
    </div>
    <div
      class="c1 c2"
    >
      16
    </div>
    <div
      class="c1 c2"
    >
      17
    </div>
    <div
      class="c1 c2"
    >
      18
    </div>
    <div
      class="c1 c2"
    >
      19
    </div>
    <div
      class="c1 c2"
    >
      20
    </div>
    <div
      class="c1 c2"
    >
      21
    </div>
    <div
      class="c1 c2"
    >
      22
    </div>
    <div
      class="c1 c2"
    >
      23
    </div>
    <div
      class="c1 c2"
    >
      24
    </div>
    <div
      class="c1 c2"
    >
      25
    </div>
    <div
      class="c1 c2"
    >
      26
    </div>
    <div
      class="c1 c2"
    >
      27
    </div>
    <div
      class="c1 c2"
    >
      28
    </div>
    <div
      class="c1 c2"
    >
      29
    </div>
    <div
      class="c1 c2"
    >
      30
    </div>
    <div
      class="c1 c2"
    />
  </div>
</DocumentFragment>
`;
