// Jest Snapshot v1, https://goo.gl/fbAQLP

exports[`<ChooseColorToken /> match snapshot 1`] = `
<DocumentFragment>
  .c0 {
  display: -webkit-box;
  display: -webkit-flex;
  display: -ms-flexbox;
  display: flex;
  -webkit-flex-direction: row;
  -ms-flex-direction: row;
  flex-direction: row;
}

.c1 {
  width: 0.75rem;
  height: 0.75rem;
  border-radius: 9999px;
  border-width: 1px;
  --tw-shadow: 0 25px 50px -12px rgb(0 0 0 / 0.25);
  --tw-shadow-colored: 0 25px 50px -12px var(--tw-shadow-color);
  box-shadow: var(--tw-ring-offset-shadow,0 0 #0000),var(--tw-ring-shadow,0 0 #0000),var(--tw-shadow);
  display: -webkit-box;
  display: -webkit-flex;
  display: -ms-flexbox;
  display: flex;
  -webkit-align-items: center;
  -webkit-box-align: center;
  -ms-flex-align: center;
  align-items: center;
  -webkit-box-pack: center;
  -webkit-justify-content: center;
  -ms-flex-pack: center;
  justify-content: center;
}

.c2 {
  width: 1.5rem;
  height: 1.5rem;
}

<div
    class="mb-2 p-3 shadow-around"
  >
    <div
      class="pl-2 mb-1 text-white font-bold select-none"
    >
      Choose Color Token
    </div>
    <div
      class="c0"
    >
      <div
        class="bg-transparent"
        data-testid="bg-transparent"
      >
        <div
          class="c1 c2 bg-[#e10655]"
        />
      </div>
      <div
        class="bg-transparent"
        data-testid="bg-transparent"
      >
        <div
          class="c1 c2 bg-[#c00502]"
        />
      </div>
      <div
        class="bg-transparent"
        data-testid="bg-transparent"
      >
        <div
          class="c1 c2 bg-[#c33200]"
        />
      </div>
      <div
        class="bg-transparent"
        data-testid="bg-transparent"
      >
        <div
          class="c1 c2 bg-[#dac204]"
        />
      </div>
      <div
        class="bg-transparent"
        data-testid="bg-transparent"
      >
        <div
          class="c1 c2 bg-[#117822]"
        />
      </div>
      <div
        class="bg-transparent"
        data-testid="bg-transparent"
      >
        <div
          class="c1 c2 bg-[#0758a5]"
        />
      </div>
      <div
        class="bg-transparent"
        data-testid="bg-transparent"
      >
        <div
          class="c1 c2 bg-[#4e306f]"
        />
      </div>
      <div
        class="bg-transparent"
        data-testid="bg-transparent"
      >
        <div
          class="c1 c2 bg-[#858777]"
        />
      </div>
      <div
        class="bg-transparent"
        data-testid="bg-transparent"
      >
        <div
          class="c1 c2 bg-[#d5d3cb]"
        />
      </div>
      <div
        class="bg-transparent"
        data-testid="bg-transparent"
      >
        <div
          class="c1 c2 bg-[#18110d]"
        />
      </div>
    </div>
  </div>
</DocumentFragment>
`;
