// Jest Snapshot v1, https://goo.gl/fbAQLP

exports[`<ChooseColorHint /> match snapshot 1`] = `
<DocumentFragment>
  .c0 {
  display: -webkit-box;
  display: -webkit-flex;
  display: -ms-flexbox;
  display: flex;
  -webkit-flex-direction: row;
  -ms-flex-direction: row;
  flex-direction: row;
}

<div
    class="mb-2 p-3 shadow-around flex divide-x"
  >
    <div>
      <div
        class="pl-2 mb-1 text-white font-bold select-none"
      >
        Choose Color Hint
      </div>
      <div
        class="c0"
      >
        <button
          data-testid="button"
        >
          Random Color Hint
        </button>
      </div>
    </div>
    <div
      class="ml-3 pl-3"
    >
      <div
        class="mb-1 text-white font-bold select-none"
      >
        Color Selected
      </div>
      <div
        class="c0"
      />
    </div>
  </div>
</DocumentFragment>
`;
