// Jest Snapshot v1, https://goo.gl/fbAQLP

exports[`<GameHuesAndCues /> match snapshot 1`] = `
<DocumentFragment>
  .c0 {
  display: -webkit-box;
  display: -webkit-flex;
  display: -ms-flexbox;
  display: flex;
  -webkit-flex-direction: column;
  -ms-flex-direction: column;
  flex-direction: column;
}

<div
    class="c0 p-6"
  >
    <div>
      ScoreBoard
    </div>
  </div>
</DocumentFragment>
`;
