// Jest Snapshot v1, https://goo.gl/fbAQLP

exports[`<SetDisplayName /> match snapshot 1`] = `
<DocumentFragment>
  <div>
    <form>
      <label
        id="displayName"
      >
        Display Name
      </label>
      <input
        id="displayName"
        value=""
      />
      <div
        data-testid="button"
        type="submit"
      >
        GO
      </div>
    </form>
  </div>
</DocumentFragment>
`;
