// Jest Snapshot v1, https://goo.gl/fbAQLP

exports[`<SetupRoom /> match snapshot 1`] = `
<DocumentFragment>
  <div>
    <button
      data-testid="button"
      type="button"
    >
      Create Public Room
    </button>
    <button
      data-testid="button"
      type="button"
    >
      Create Private Room
    </button>
    <form>
      <label
        id="code"
      >
        Code
      </label>
      <input
        id="code"
      />
      <button
        data-testid="button"
        type="submit"
      >
        Join Private Room
      </button>
    </form>
  </div>
</DocumentFragment>
`;
