// Jest Snapshot v1, https://goo.gl/fbAQLP

exports[`<Example2 /> match snapshot 1`] = `
<DocumentFragment>
  <div
    class="App"
  >
    <header
      class="App-header"
    >
      <img
        alt="logo"
        class="App-logo"
        src="logo.svg"
      />
      <p
        class="bg-red-700"
      >
        Edit 
        <code>
          src/App.tsx
        </code>
         and save to reload.
      </p>
      <a
        class="App-link"
        href="https://reactjs.org"
        rel="noopener noreferrer"
        target="_blank"
      >
        learn react
      </a>
      <a
        href="/"
      >
        Home
      </a>
      <button
        data-testid="Toggle Lang TH"
      >
        Toggle Lang TH
      </button>
      <button
        data-testid="Toggle Lang EN"
      >
        Toggle Lang EN
      </button>
      <code>
        {"name":"","age":0}
      </code>
      <form>
        <div>
          <label>
            Name
          </label>
          <input
            data-testid="name"
            name="name"
            value=""
          />
        </div>
        <div>
          <label>
            Age
          </label>
          <input
            data-testid="age"
            name="age"
            value=""
          />
        </div>
        <div
          style="color: red;"
        />
        <button
          color="primary"
          data-testid="Submit"
          label="Submit"
          type="submit"
        />
      </form>
    </header>
  </div>
</DocumentFragment>
`;
