// Jest Snapshot v1, https://goo.gl/fbAQLP

exports[`<GameHuesAndCues /> match snapshot 1`] = `
<DocumentFragment>
  .c0 {
  display: -webkit-box;
  display: -webkit-flex;
  display: -ms-flexbox;
  display: flex;
  -webkit-flex-direction: column;
  -ms-flex-direction: column;
  flex-direction: column;
}

.c1 {
  display: -webkit-box;
  display: -webkit-flex;
  display: -ms-flexbox;
  display: flex;
  -webkit-flex-direction: row;
  -ms-flex-direction: row;
  flex-direction: row;
}

.c2 {
  margin: 0.25rem;
  width: 1.75rem;
  height: 1.75rem;
  --tw-text-opacity: 1;
  color: rgb(255 255 255 / var(--tw-text-opacity));
  font-weight: 700;
  text-align: center;
  -webkit-user-select: none;
  -moz-user-select: none;
  -ms-user-select: none;
  user-select: none;
  position: relative;
}

.c3 {
  cursor: pointer;
  display: -webkit-box;
  display: -webkit-flex;
  display: -ms-flexbox;
  display: flex;
  -webkit-box-pack: center;
  -webkit-justify-content: center;
  -ms-flex-pack: center;
  justify-content: center;
  -webkit-align-items: center;
  -webkit-box-align: center;
  -ms-flex-align: center;
  align-items: center;
  font-size: 0.75rem;
  line-height: 1rem;
}

.c4 {
  width: 2.25rem;
  height: 3.5rem;
  -webkit-flex-wrap: wrap;
  -ms-flex-wrap: wrap;
  flex-wrap: wrap;
}

.c5 {
  -webkit-flex-direction: row-reverse;
  -ms-flex-direction: row-reverse;
  flex-direction: row-reverse;
}

<div
    class="c0 p-6"
  >
    <div
      class="mb-2 p-3 shadow-around"
    >
      <div
        class="pl-2 mb-1 text-white font-bold select-none"
      >
        Score Board
      </div>
      <div
        class="c0 items-start"
      >
        <div
          class="c1"
        >
          <div
            class="c0"
          >
            <div
              class="text-center text-white font-semibold h-6"
            />
            <div
              class="c2 c3 c4 bg-[#2e2c2d]"
            />
          </div>
          <div
            class="c0"
          >
            <div
              class="text-center text-white font-semibold h-6"
            />
            <div
              class="c2 c3 c4 bg-[#323031]"
            />
          </div>
          <div
            class="c0"
          >
            <div
              class="text-center text-white font-semibold h-6"
            />
            <div
              class="c2 c3 c4 bg-[#353132]"
            />
          </div>
          <div
            class="c0"
          >
            <div
              class="text-center text-white font-semibold h-6"
            />
            <div
              class="c2 c3 c4 bg-[#393536]"
            />
          </div>
          <div
            class="c0"
          >
            <div
              class="text-center text-white font-semibold h-6"
            >
              5
            </div>
            <div
              class="c2 c3 c4 bg-[#3a3539]"
            />
          </div>
          <div
            class="c0"
          >
            <div
              class="text-center text-white font-semibold h-6"
            />
            <div
              class="c2 c3 c4 bg-[#403c3d]"
            />
          </div>
          <div
            class="c0"
          >
            <div
              class="text-center text-white font-semibold h-6"
            />
            <div
              class="c2 c3 c4 bg-[#423e3f]"
            />
          </div>
          <div
            class="c0"
          >
            <div
              class="text-center text-white font-semibold h-6"
            />
            <div
              class="c2 c3 c4 bg-[#474342]"
            />
          </div>
          <div
            class="c0"
          >
            <div
              class="text-center text-white font-semibold h-6"
            />
            <div
              class="c2 c3 c4 bg-[#484745]"
            />
          </div>
          <div
            class="c0"
          >
            <div
              class="text-center text-white font-semibold h-6"
            >
              10
            </div>
            <div
              class="c2 c3 c4 bg-[#4d4948]"
            />
          </div>
          <div
            class="c0"
          >
            <div
              class="text-center text-white font-semibold h-6"
            />
            <div
              class="c2 c3 c4 bg-[#4e4d4b]"
            />
          </div>
          <div
            class="c0"
          >
            <div
              class="text-center text-white font-semibold h-6"
            />
            <div
              class="c2 c3 c4 bg-[#545051]"
            />
          </div>
          <div
            class="c0"
          >
            <div
              class="text-center text-white font-semibold h-6"
            />
            <div
              class="c2 c3 c4 bg-[#565052]"
            />
          </div>
          <div
            class="c0"
          >
            <div
              class="text-center text-white font-semibold h-6"
            />
            <div
              class="c2 c3 c4 bg-[#575354]"
            />
          </div>
          <div
            class="c0"
          >
            <div
              class="text-center text-white font-semibold h-6"
            >
              15
            </div>
            <div
              class="c2 c3 c4 bg-[#595556]"
            />
          </div>
          <div
            class="c0"
          >
            <div
              class="text-center text-white font-semibold h-6"
            />
            <div
              class="c2 c3 c4 bg-[#615b5b]"
            />
          </div>
          <div
            class="c0"
          >
            <div
              class="text-center text-white font-semibold h-6"
            />
            <div
              class="c2 c3 c4 bg-[#605a5a]"
            />
          </div>
          <div
            class="c0"
          >
            <div
              class="text-center text-white font-semibold h-6"
            />
            <div
              class="c2 c3 c4 bg-[#65605d]"
            />
          </div>
          <div
            class="c0"
          >
            <div
              class="text-center text-white font-semibold h-6"
            />
            <div
              class="c2 c3 c4 bg-[#686262]"
            />
          </div>
          <div
            class="c0"
          >
            <div
              class="text-center text-white font-semibold h-6"
            >
              20
            </div>
            <div
              class="c2 c3 c4 bg-[#676364]"
            />
          </div>
          <div
            class="c0"
          >
            <div
              class="text-center text-white font-semibold h-6"
            />
            <div
              class="c2 c3 c4 bg-[#6a6667]"
            />
          </div>
          <div
            class="c0"
          >
            <div
              class="text-center text-white font-semibold h-6"
            />
            <div
              class="c2 c3 c4 bg-[#696566]"
            />
          </div>
          <div
            class="c0"
          >
            <div
              class="text-center text-white font-semibold h-6"
            />
            <div
              class="c2 c3 c4 bg-[#6d676b]"
            />
          </div>
          <div
            class="c0"
          >
            <div
              class="text-center text-white font-semibold h-6"
            />
            <div
              class="c2 c3 c4 bg-[#6c676b]"
            />
          </div>
          <div
            class="c0"
          >
            <div
              class="text-center text-white font-semibold h-6"
            >
              25
            </div>
            <div
              class="c2 c3 c4 bg-[#6d686c]"
            />
          </div>
        </div>
        <div
          class="c1 c5"
        >
          <div
            class="c0"
          >
            <div
              class="c2 c3 c4 bg-[#757074]"
            />
            <div
              class="text-center text-white font-semibold h-6"
            />
          </div>
          <div
            class="c0"
          >
            <div
              class="c2 c3 c4 bg-[#787475]"
            />
            <div
              class="text-center text-white font-semibold h-6"
            />
          </div>
          <div
            class="c0"
          >
            <div
              class="c2 c3 c4 bg-[#7e787a]"
            />
            <div
              class="text-center text-white font-semibold h-6"
            />
          </div>
          <div
            class="c0"
          >
            <div
              class="c2 c3 c4 bg-[#817b7b]"
            />
            <div
              class="text-center text-white font-semibold h-6"
            />
          </div>
          <div
            class="c0"
          >
            <div
              class="c2 c3 c4 bg-[#86817e]"
            />
            <div
              class="text-center text-white font-semibold h-6"
            >
              30
            </div>
          </div>
          <div
            class="c0"
          >
            <div
              class="c2 c3 c4 bg-[#898481]"
            />
            <div
              class="text-center text-white font-semibold h-6"
            />
          </div>
          <div
            class="c0"
          >
            <div
              class="c2 c3 c4 bg-[#8e8684]"
            />
            <div
              class="text-center text-white font-semibold h-6"
            />
          </div>
          <div
            class="c0"
          >
            <div
              class="c2 c3 c4 bg-[#918986]"
            />
            <div
              class="text-center text-white font-semibold h-6"
            />
          </div>
          <div
            class="c0"
          >
            <div
              class="c2 c3 c4 bg-[#968e8b]"
            />
            <div
              class="text-center text-white font-semibold h-6"
            />
          </div>
          <div
            class="c0"
          >
            <div
              class="c2 c3 c4 bg-[#97928d]"
            />
            <div
              class="text-center text-white font-semibold h-6"
            >
              35
            </div>
          </div>
          <div
            class="c0"
          >
            <div
              class="c2 c3 c4 bg-[#97928e]"
            />
            <div
              class="text-center text-white font-semibold h-6"
            />
          </div>
          <div
            class="c0"
          >
            <div
              class="c2 c3 c4 bg-[#9d9592]"
            />
            <div
              class="text-center text-white font-semibold h-6"
            />
          </div>
          <div
            class="c0"
          >
            <div
              class="c2 c3 c4 bg-[#9e9693]"
            />
            <div
              class="text-center text-white font-semibold h-6"
            />
          </div>
          <div
            class="c0"
          >
            <div
              class="c2 c3 c4 bg-[#a19996]"
            />
            <div
              class="text-center text-white font-semibold h-6"
            />
          </div>
          <div
            class="c0"
          >
            <div
              class="c2 c3 c4 bg-[#a09b97]"
            />
            <div
              class="text-center text-white font-semibold h-6"
            >
              40
            </div>
          </div>
          <div
            class="c0"
          >
            <div
              class="c2 c3 c4 bg-[#a69e9b]"
            />
            <div
              class="text-center text-white font-semibold h-6"
            />
          </div>
          <div
            class="c0"
          >
            <div
              class="c2 c3 c4 bg-[#a5a09c]"
            />
            <div
              class="text-center text-white font-semibold h-6"
            />
          </div>
          <div
            class="c0"
          >
            <div
              class="c2 c3 c4 bg-[#a7a19e]"
            />
            <div
              class="text-center text-white font-semibold h-6"
            />
          </div>
          <div
            class="c0"
          >
            <div
              class="c2 c3 c4 bg-[#a6a19d]"
            />
            <div
              class="text-center text-white font-semibold h-6"
            />
          </div>
          <div
            class="c0"
          >
            <div
              class="c2 c3 c4 bg-[#a5a29d]"
            />
            <div
              class="text-center text-white font-semibold h-6"
            >
              45
            </div>
          </div>
          <div
            class="c0"
          >
            <div
              class="c2 c3 c4 bg-[#a7a29e]"
            />
            <div
              class="text-center text-white font-semibold h-6"
            />
          </div>
          <div
            class="c0"
          >
            <div
              class="c2 c3 c4 bg-[#a6a39e]"
            />
            <div
              class="text-center text-white font-semibold h-6"
            />
          </div>
          <div
            class="c0"
          >
            <div
              class="c2 c3 c4 bg-[#aca8a5]"
            />
            <div
              class="text-center text-white font-semibold h-6"
            />
          </div>
          <div
            class="c0"
          >
            <div
              class="c2 c3 c4 bg-[#a6a29f]"
            />
            <div
              class="text-center text-white font-semibold h-6"
            />
          </div>
          <div
            class="c0"
          >
            <div
              class="c2 c3 c4 bg-[#a7a3a0]"
            />
            <div
              class="text-center text-white font-semibold h-6"
            >
              50
            </div>
          </div>
        </div>
      </div>
    </div>
  </div>
</DocumentFragment>
`;
